
> maven-project@0.1.0 build
> next build

   Γû▓ Next.js 16.0.8 (Turbopack)
   - Environments: .env

   Creating an optimized production build ...
 Γ£ô Compiled successfully in 3.3s
   Running TypeScript ...
   Collecting page data using 23 workers ...
   Generating static pages using 23 workers (0/20) ...
   Generating static pages using 23 workers (5/20) 
   Generating static pages using 23 workers (10/20) 
   Generating static pages using 23 workers (15/20) 
 Γ£ô Generating static pages using 23 workers (20/20) in 845.2ms
   Finalizing page optimization ...

Route (app)
Γöî Γùï /
Γö£ Γùï /_not-found
Γö£ Γùï /admin
Γö£ ╞Æ /api/auth/admin
Γö£ ╞Æ /api/chat
Γö£ ╞Æ /api/compare/[pitcherId]
Γö£ ╞Æ /api/pitchers
Γö£ ╞Æ /api/pitchers/[id]
Γö£ ╞Æ /api/pitches
Γö£ ╞Æ /api/pitches/[id]
Γö£ ╞Æ /api/pitches/batch
Γö£ ╞Æ /api/pitches/batch-delete
Γö£ ╞Æ /api/seed
Γö£ ╞Æ /api/seed/preview
Γö£ ╞Æ /api/similar/[pitcherId]
Γö£ ╞Æ /compare/[pitcherId]
Γö£ Γùï /create-profile
Γö£ ╞Æ /dashboard/[pitcherId]
Γö£ Γùï /forgot-password
Γö£ Γùï /login
Γö£ ╞Æ /pitcher/[pitcherId]
Γö£ Γùï /plugins
Γö£ Γùï /register
Γö£ ╞Æ /stats/[pitcherId]
Γö£ Γùï /teams
Γöö Γùï /verify-email


Γùï  (Static)   prerendered as static content
╞Æ  (Dynamic)  server-rendered on demand

