src/app/api/pitches/batch/route.ts(2,54): error TS2305: Module '"@/lib/postgres"' has no exported member 'PitchFingerprint'.
